// Jest Snapshot v1, https://goo.gl/fbAQLP

exports[`HelloComponent should render correctly 1`] = `
<styled.h1>
  Hello world - ReactJS With Typescript, Styled-Components and Webpack!!
</styled.h1>
`;
